com\redbank\core\constant\AppConstants.class
com\redbank\donor\mapper\DonorMapper.class
com\redbank\core\exception\DonorNotFoundException.class
com\redbank\donor\repository\DonorRepository.class
com\redbank\donor\entity\Gender.class
com\redbank\core\dto\ApiResponse.class
com\redbank\donor\mapper\DonorMapperImpl.class
com\redbank\auth\dto\AuthResponse.class
com\redbank\auth\security\JwtProvider.class
com\redbank\core\exception\TokenRefreshException.class
com\redbank\core\exception\DonorValidationException.class
com\redbank\donor\service\EligibilityService.class
com\redbank\auth\entity\Role.class
com\redbank\donor\dto\DonorProfileDto.class
com\redbank\donor\service\AvailabilityService.class
com\redbank\auth\repository\RoleRepository.class
com\redbank\auth\repository\UserRepository.class
com\redbank\auth\repository\RefreshTokenRepository.class
com\redbank\auth\entity\RefreshToken.class
com\redbank\auth\mapper\UserMapper.class
com\redbank\donor\dto\DonorProfileDto$DonorProfileDtoBuilder.class
com\redbank\auth\entity\User.class
com\redbank\auth\dto\UserDto.class
com\redbank\auth\config\SecurityConfig.class
com\redbank\donor\entity\DonorProfile.class
com\redbank\auth\controller\AuthController.class
com\redbank\donor\entity\VerificationLevel.class
com\redbank\donor\service\DonorProfileService.class
com\redbank\auth\config\FirebaseConfig.class
com\redbank\auth\dto\RefreshRequest.class
com\redbank\RedBankApplication.class
com\redbank\core\exception\GlobalExceptionHandler.class
com\redbank\auth\security\CustomUserDetailsService.class
com\redbank\donor\controller\DonorController.class
com\redbank\auth\entity\User$UserBuilder.class
com\redbank\auth\dto\VerifyRequest.class
com\redbank\donor\entity\AvailabilityStatus.class
com\redbank\donor\dto\UpdateAvailabilityRequest.class
com\redbank\core\dto\ApiResponse$ApiResponseBuilder.class
com\redbank\donor\entity\BloodGroup.class
com\redbank\donor\entity\DonorProfile$DonorProfileBuilder.class
com\redbank\auth\mapper\UserMapperImpl.class
com\redbank\auth\entity\RefreshToken$RefreshTokenBuilder.class
com\redbank\donor\dto\UpdateDonorProfileRequest.class
com\redbank\auth\service\AuthService.class
com\redbank\core\exception\AuthException.class
com\redbank\core\constants\AppConstants.class
com\redbank\auth\dto\LoginRequest.class
com\redbank\auth\security\FirebaseTokenFilter.class
com\redbank\donor\service\LocationService.class
