com\redbank\emergency\enums\EmergencyType.class
com\redbank\donor\mapper\DonorMapper.class
com\redbank\emergency\dto\CancelRequestDTO$CancelRequestDTOBuilder.class
com\redbank\emergency\enums\EmergencyPriority.class
com\redbank\emergency\service\impl\RadiusExpansionServiceImpl.class
com\redbank\emergency\entity\EmergencyRequest.class
com\redbank\donor\entity\Gender.class
com\redbank\emergency\dto\EmergencyRequestNotificationDTO$EmergencyRequestNotificationDTOBuilder.class
com\redbank\emergency\mapper\EmergencyRequestMapper.class
com\redbank\donor\mapper\DonorMapperImpl.class
com\redbank\emergency\dto\EmergencyRequestTimelineDTO.class
com\redbank\emergency\dto\TrackingLocationResponseDTO.class
com\redbank\auth\dto\AuthResponse.class
com\redbank\emergency\dto\EmergencyRequestSummaryDTO$EmergencyRequestSummaryDTOBuilder.class
com\redbank\emergency\statemachine\action\EmergencyActions.class
com\redbank\auth\security\JwtProvider.class
com\redbank\emergency\service\MatchingService.class
com\redbank\core\exception\TokenRefreshException.class
com\redbank\emergency\service\impl\MatchingServiceImpl.class
com\redbank\emergency\repository\EmergencyRequestNotificationRepository.class
com\redbank\emergency\entity\EmergencyRequestNotification.class
com\redbank\emergency\service\ReliabilityService.class
com\redbank\emergency\entity\EmergencyRequest$EmergencyRequestBuilder.class
com\redbank\emergency\service\impl\AssignmentServiceImpl.class
com\redbank\emergency\service\impl\TrackingServiceImpl.class
com\redbank\donor\dto\DonorProfileDto.class
com\redbank\emergency\dto\EmergencyRequestAssignmentDTO$EmergencyRequestAssignmentDTOBuilder.class
com\redbank\donor\service\AvailabilityService.class
com\redbank\emergency\dto\EmergencyRequestTimelineDTO$EmergencyRequestTimelineDTOBuilder.class
com\redbank\emergency\entity\EmergencyRequestAssignment$EmergencyRequestAssignmentBuilder.class
com\redbank\emergency\entity\EmergencyRequestAssignment.class
com\redbank\emergency\service\impl\EmergencyRequestServiceImpl.class
com\redbank\emergency\controller\TrackingController.class
com\redbank\emergency\service\NotificationService.class
com\redbank\auth\entity\RefreshToken.class
com\redbank\donor\dto\DonorProfileDto$DonorProfileDtoBuilder.class
com\redbank\auth\entity\User.class
com\redbank\auth\dto\UserDto.class
com\redbank\emergency\dto\TrackingLocationRequestDTO$TrackingLocationRequestDTOBuilder.class
com\redbank\emergency\facade\EmergencyFacade.class
com\redbank\auth\controller\AuthController.class
com\redbank\donor\entity\VerificationLevel.class
com\redbank\emergency\entity\EmergencyRequestHistory$EmergencyRequestHistoryBuilder.class
com\redbank\donor\service\DonorProfileService.class
com\redbank\auth\config\FirebaseConfig.class
com\redbank\emergency\repository\EmergencyRequestHistoryRepository.class
com\redbank\auth\dto\RefreshRequest.class
com\redbank\emergency\statemachine\listener\EmergencyStateMachineListener.class
com\redbank\emergency\statemachine\EmergencyEvent.class
com\redbank\emergency\dto\EmergencyRequestResponseDTO$EmergencyRequestResponseDTOBuilder.class
com\redbank\emergency\dto\EmergencyRequestNotificationDTO.class
com\redbank\emergency\dto\EmergencyRequestSummaryDTO.class
com\redbank\emergency\repository\TrackingLocationRepository.class
com\redbank\emergency\service\EmergencyRequestService.class
com\redbank\donor\controller\DonorController.class
com\redbank\auth\entity\User$UserBuilder.class
com\redbank\auth\dto\VerifyRequest.class
com\redbank\core\dto\ApiResponse$ApiResponseBuilder.class
com\redbank\donor\entity\BloodGroup.class
com\redbank\emergency\facade\impl\EmergencyFacadeImpl.class
com\redbank\emergency\service\RadiusExpansionService.class
com\redbank\emergency\repository\EmergencyRequestAssignmentRepository.class
com\redbank\auth\entity\RefreshToken$RefreshTokenBuilder.class
com\redbank\core\constants\AppConstants.class
com\redbank\emergency\statemachine\interceptor\EmergencyStateMachineInterceptor.class
com\redbank\auth\security\FirebaseTokenFilter.class
com\redbank\donor\service\LocationService.class
com\redbank\emergency\enums\CancelReason.class
com\redbank\emergency\dto\TrackingLocationRequestDTO.class
com\redbank\emergency\dto\EmergencyRequestHistoryDTO$EmergencyRequestHistoryDTOBuilder.class
com\redbank\emergency\enums\RequestSource.class
com\redbank\core\constant\AppConstants.class
com\redbank\core\exception\DonorNotFoundException.class
com\redbank\donor\repository\DonorRepository.class
com\redbank\emergency\dto\EmergencyRequestResponseDTO.class
com\redbank\core\dto\ApiResponse.class
com\redbank\emergency\service\impl\HistoryServiceImpl.class
com\redbank\emergency\statemachine\guard\EmergencyGuards.class
com\redbank\emergency\mapper\EmergencyRequestMapperImpl.class
com\redbank\emergency\enums\NotificationStatus.class
com\redbank\emergency\dto\TrackingLocationResponseDTO$TrackingLocationResponseDTOBuilder.class
com\redbank\core\exception\DonorValidationException.class
com\redbank\emergency\dto\TrackingStatusResponseDTO.class
com\redbank\emergency\dto\TrackingStatusResponseDTO$TrackingStatusResponseDTOBuilder.class
com\redbank\emergency\enums\FailureReason.class
com\redbank\donor\service\EligibilityService.class
com\redbank\emergency\dto\EmergencyRequestAssignmentDTO.class
com\redbank\auth\entity\Role.class
com\redbank\emergency\service\AssignmentService.class
com\redbank\auth\repository\RoleRepository.class
com\redbank\auth\repository\UserRepository.class
com\redbank\auth\repository\RefreshTokenRepository.class
com\redbank\emergency\entity\TrackingLocation$TrackingLocationBuilder.class
com\redbank\auth\mapper\UserMapper.class
com\redbank\emergency\entity\EmergencyRequestHistory.class
com\redbank\auth\config\SecurityConfig.class
com\redbank\emergency\controller\EmergencyController.class
com\redbank\donor\entity\DonorProfile.class
com\redbank\emergency\service\impl\NotificationServiceImpl.class
com\redbank\RedBankApplication.class
com\redbank\emergency\service\HistoryService.class
com\redbank\emergency\statemachine\EmergencyStateMachineConstants.class
com\redbank\emergency\dto\EmergencyRequestCreateDTO.class
com\redbank\emergency\enums\EmergencyStatus.class
com\redbank\core\exception\GlobalExceptionHandler.class
com\redbank\emergency\dto\EmergencyRequestHistoryDTO.class
com\redbank\auth\security\CustomUserDetailsService.class
com\redbank\emergency\dto\EmergencyRequestCreateDTO$EmergencyRequestCreateDTOBuilder.class
com\redbank\emergency\service\TrackingService.class
com\redbank\emergency\service\impl\ReliabilityServiceImpl.class
com\redbank\donor\entity\AvailabilityStatus.class
com\redbank\donor\dto\UpdateAvailabilityRequest.class
com\redbank\emergency\entity\TrackingLocation.class
com\redbank\emergency\statemachine\validator\EmergencyValidators.class
com\redbank\donor\entity\DonorProfile$DonorProfileBuilder.class
com\redbank\auth\mapper\UserMapperImpl.class
com\redbank\emergency\dto\CancelRequestDTO.class
com\redbank\emergency\statemachine\EmergencyStateMachineConfig.class
com\redbank\donor\dto\UpdateDonorProfileRequest.class
com\redbank\emergency\repository\EmergencyRequestRepository.class
com\redbank\auth\service\AuthService.class
com\redbank\core\exception\AuthException.class
com\redbank\auth\dto\LoginRequest.class
com\redbank\emergency\entity\EmergencyRequestNotification$EmergencyRequestNotificationBuilder.class
