C:\Users\NAVIN TOM BABU\Desktop\red bank v2\backend\src\main\java\com\redbank\auth\service\AuthService.java
C:\Users\NAVIN TOM BABU\Desktop\red bank v2\backend\src\main\java\com\redbank\core\exception\DonorNotFoundException.java
C:\Users\NAVIN TOM BABU\Desktop\red bank v2\backend\src\main\java\com\redbank\donor\entity\Gender.java
C:\Users\NAVIN TOM BABU\Desktop\red bank v2\backend\src\main\java\com\redbank\emergency\repository\EmergencyRequestRepository.java
C:\Users\NAVIN TOM BABU\Desktop\red bank v2\backend\src\main\java\com\redbank\auth\security\JwtProvider.java
C:\Users\NAVIN TOM BABU\Desktop\red bank v2\backend\src\main\java\com\redbank\emergency\dto\EmergencyRequestNotificationDTO.java
C:\Users\NAVIN TOM BABU\Desktop\red bank v2\backend\src\main\java\com\redbank\emergency\enums\RequestSource.java
C:\Users\NAVIN TOM BABU\Desktop\red bank v2\backend\src\main\java\com\redbank\emergency\statemachine\validator\EmergencyValidators.java
C:\Users\NAVIN TOM BABU\Desktop\red bank v2\backend\src\main\java\com\redbank\emergency\service\impl\NotificationServiceImpl.java
C:\Users\NAVIN TOM BABU\Desktop\red bank v2\backend\src\main\java\com\redbank\core\exception\AuthException.java
C:\Users\NAVIN TOM BABU\Desktop\red bank v2\backend\src\main\java\com\redbank\emergency\dto\EmergencyRequestCreateDTO.java
C:\Users\NAVIN TOM BABU\Desktop\red bank v2\backend\src\main\java\com\redbank\core\constants\AppConstants.java
C:\Users\NAVIN TOM BABU\Desktop\red bank v2\backend\src\main\java\com\redbank\emergency\dto\TrackingLocationRequestDTO.java
C:\Users\NAVIN TOM BABU\Desktop\red bank v2\backend\src\main\java\com\redbank\auth\dto\AuthResponse.java
C:\Users\NAVIN TOM BABU\Desktop\red bank v2\backend\src\main\java\com\redbank\emergency\statemachine\interceptor\EmergencyStateMachineInterceptor.java
C:\Users\NAVIN TOM BABU\Desktop\red bank v2\backend\src\main\java\com\redbank\auth\entity\Role.java
C:\Users\NAVIN TOM BABU\Desktop\red bank v2\backend\src\main\java\com\redbank\emergency\service\impl\HistoryServiceImpl.java
C:\Users\NAVIN TOM BABU\Desktop\red bank v2\backend\src\main\java\com\redbank\core\dto\ApiResponse.java
C:\Users\NAVIN TOM BABU\Desktop\red bank v2\backend\src\main\java\com\redbank\emergency\service\HistoryService.java
C:\Users\NAVIN TOM BABU\Desktop\red bank v2\backend\src\main\java\com\redbank\auth\config\SecurityConfig.java
C:\Users\NAVIN TOM BABU\Desktop\red bank v2\backend\src\main\java\com\redbank\donor\dto\UpdateAvailabilityRequest.java
C:\Users\NAVIN TOM BABU\Desktop\red bank v2\backend\src\main\java\com\redbank\auth\repository\RoleRepository.java
C:\Users\NAVIN TOM BABU\Desktop\red bank v2\backend\src\main\java\com\redbank\emergency\entity\EmergencyRequestAssignment.java
C:\Users\NAVIN TOM BABU\Desktop\red bank v2\backend\src\main\java\com\redbank\donor\dto\UpdateDonorProfileRequest.java
C:\Users\NAVIN TOM BABU\Desktop\red bank v2\backend\src\main\java\com\redbank\emergency\service\NotificationService.java
C:\Users\NAVIN TOM BABU\Desktop\red bank v2\backend\src\main\java\com\redbank\emergency\repository\EmergencyRequestHistoryRepository.java
C:\Users\NAVIN TOM BABU\Desktop\red bank v2\backend\src\main\java\com\redbank\core\exception\TokenRefreshException.java
C:\Users\NAVIN TOM BABU\Desktop\red bank v2\backend\src\main\java\com\redbank\donor\entity\AvailabilityStatus.java
C:\Users\NAVIN TOM BABU\Desktop\red bank v2\backend\src\main\java\com\redbank\core\constant\AppConstants.java
C:\Users\NAVIN TOM BABU\Desktop\red bank v2\backend\src\main\java\com\redbank\emergency\enums\NotificationStatus.java
C:\Users\NAVIN TOM BABU\Desktop\red bank v2\backend\src\main\java\com\redbank\donor\repository\DonorRepository.java
C:\Users\NAVIN TOM BABU\Desktop\red bank v2\backend\src\main\java\com\redbank\donor\service\DonorProfileService.java
C:\Users\NAVIN TOM BABU\Desktop\red bank v2\backend\src\main\java\com\redbank\emergency\dto\EmergencyRequestSummaryDTO.java
C:\Users\NAVIN TOM BABU\Desktop\red bank v2\backend\src\main\java\com\redbank\emergency\service\ReliabilityService.java
C:\Users\NAVIN TOM BABU\Desktop\red bank v2\backend\src\main\java\com\redbank\auth\entity\RefreshToken.java
C:\Users\NAVIN TOM BABU\Desktop\red bank v2\backend\src\main\java\com\redbank\auth\repository\UserRepository.java
C:\Users\NAVIN TOM BABU\Desktop\red bank v2\backend\src\main\java\com\redbank\emergency\dto\EmergencyRequestAssignmentDTO.java
C:\Users\NAVIN TOM BABU\Desktop\red bank v2\backend\src\main\java\com\redbank\emergency\statemachine\EmergencyEvent.java
C:\Users\NAVIN TOM BABU\Desktop\red bank v2\backend\src\main\java\com\redbank\emergency\entity\EmergencyRequestNotification.java
C:\Users\NAVIN TOM BABU\Desktop\red bank v2\backend\src\main\java\com\redbank\emergency\enums\EmergencyType.java
C:\Users\NAVIN TOM BABU\Desktop\red bank v2\backend\src\main\java\com\redbank\donor\service\LocationService.java
C:\Users\NAVIN TOM BABU\Desktop\red bank v2\backend\src\main\java\com\redbank\auth\controller\AuthController.java
C:\Users\NAVIN TOM BABU\Desktop\red bank v2\backend\src\main\java\com\redbank\emergency\service\impl\TrackingServiceImpl.java
C:\Users\NAVIN TOM BABU\Desktop\red bank v2\backend\src\main\java\com\redbank\donor\controller\DonorController.java
C:\Users\NAVIN TOM BABU\Desktop\red bank v2\backend\src\main\java\com\redbank\emergency\dto\TrackingStatusResponseDTO.java
C:\Users\NAVIN TOM BABU\Desktop\red bank v2\backend\src\main\java\com\redbank\emergency\service\impl\ReliabilityServiceImpl.java
C:\Users\NAVIN TOM BABU\Desktop\red bank v2\backend\src\main\java\com\redbank\auth\dto\UserDto.java
C:\Users\NAVIN TOM BABU\Desktop\red bank v2\backend\src\main\java\com\redbank\emergency\statemachine\EmergencyStateMachineConstants.java
C:\Users\NAVIN TOM BABU\Desktop\red bank v2\backend\src\main\java\com\redbank\emergency\enums\FailureReason.java
C:\Users\NAVIN TOM BABU\Desktop\red bank v2\backend\src\main\java\com\redbank\emergency\service\impl\AssignmentServiceImpl.java
C:\Users\NAVIN TOM BABU\Desktop\red bank v2\backend\src\main\java\com\redbank\auth\config\FirebaseConfig.java
C:\Users\NAVIN TOM BABU\Desktop\red bank v2\backend\src\main\java\com\redbank\auth\security\CustomUserDetailsService.java
C:\Users\NAVIN TOM BABU\Desktop\red bank v2\backend\src\main\java\com\redbank\core\exception\DonorValidationException.java
C:\Users\NAVIN TOM BABU\Desktop\red bank v2\backend\src\main\java\com\redbank\auth\repository\RefreshTokenRepository.java
C:\Users\NAVIN TOM BABU\Desktop\red bank v2\backend\src\main\java\com\redbank\emergency\dto\EmergencyRequestTimelineDTO.java
C:\Users\NAVIN TOM BABU\Desktop\red bank v2\backend\src\main\java\com\redbank\emergency\statemachine\guard\EmergencyGuards.java
C:\Users\NAVIN TOM BABU\Desktop\red bank v2\backend\src\main\java\com\redbank\emergency\controller\EmergencyController.java
C:\Users\NAVIN TOM BABU\Desktop\red bank v2\backend\src\main\java\com\redbank\emergency\service\impl\HaversineRoutingServiceImpl.java
C:\Users\NAVIN TOM BABU\Desktop\red bank v2\backend\src\main\java\com\redbank\auth\security\CustomUserDetails.java
C:\Users\NAVIN TOM BABU\Desktop\red bank v2\backend\src\main\java\com\redbank\auth\entity\User.java
C:\Users\NAVIN TOM BABU\Desktop\red bank v2\backend\src\main\java\com\redbank\emergency\service\impl\RadiusExpansionServiceImpl.java
C:\Users\NAVIN TOM BABU\Desktop\red bank v2\backend\src\main\java\com\redbank\emergency\service\impl\EmergencyRequestServiceImpl.java
C:\Users\NAVIN TOM BABU\Desktop\red bank v2\backend\src\main\java\com\redbank\auth\security\FirebaseTokenFilter.java
C:\Users\NAVIN TOM BABU\Desktop\red bank v2\backend\src\main\java\com\redbank\emergency\entity\EmergencyRequestHistory.java
C:\Users\NAVIN TOM BABU\Desktop\red bank v2\backend\src\main\java\com\redbank\emergency\service\impl\MatchingServiceImpl.java
C:\Users\NAVIN TOM BABU\Desktop\red bank v2\backend\src\main\java\com\redbank\auth\dto\LoginRequest.java
C:\Users\NAVIN TOM BABU\Desktop\red bank v2\backend\src\main\java\com\redbank\donor\mapper\DonorMapper.java
C:\Users\NAVIN TOM BABU\Desktop\red bank v2\backend\src\main\java\com\redbank\emergency\service\RadiusExpansionService.java
C:\Users\NAVIN TOM BABU\Desktop\red bank v2\backend\src\main\java\com\redbank\emergency\repository\EmergencyRequestAssignmentRepository.java
C:\Users\NAVIN TOM BABU\Desktop\red bank v2\backend\src\main\java\com\redbank\emergency\enums\EmergencyPriority.java
C:\Users\NAVIN TOM BABU\Desktop\red bank v2\backend\src\main\java\com\redbank\auth\dto\RefreshRequest.java
C:\Users\NAVIN TOM BABU\Desktop\red bank v2\backend\src\main\java\com\redbank\RedBankApplication.java
C:\Users\NAVIN TOM BABU\Desktop\red bank v2\backend\src\main\java\com\redbank\emergency\controller\TrackingController.java
C:\Users\NAVIN TOM BABU\Desktop\red bank v2\backend\src\main\java\com\redbank\emergency\repository\EmergencyRequestNotificationRepository.java
C:\Users\NAVIN TOM BABU\Desktop\red bank v2\backend\src\main\java\com\redbank\emergency\statemachine\action\EmergencyActions.java
C:\Users\NAVIN TOM BABU\Desktop\red bank v2\backend\src\main\java\com\redbank\donor\dto\DonorProfileDto.java
C:\Users\NAVIN TOM BABU\Desktop\red bank v2\backend\src\main\java\com\redbank\emergency\enums\CancelReason.java
C:\Users\NAVIN TOM BABU\Desktop\red bank v2\backend\src\main\java\com\redbank\emergency\service\EmergencyRequestService.java
C:\Users\NAVIN TOM BABU\Desktop\red bank v2\backend\src\main\java\com\redbank\emergency\repository\TrackingLocationRepository.java
C:\Users\NAVIN TOM BABU\Desktop\red bank v2\backend\src\main\java\com\redbank\donor\entity\VerificationLevel.java
C:\Users\NAVIN TOM BABU\Desktop\red bank v2\backend\src\main\java\com\redbank\emergency\dto\EmergencyRequestResponseDTO.java
C:\Users\NAVIN TOM BABU\Desktop\red bank v2\backend\src\main\java\com\redbank\donor\entity\DonorProfile.java
C:\Users\NAVIN TOM BABU\Desktop\red bank v2\backend\src\main\java\com\redbank\emergency\statemachine\listener\EmergencyStateMachineListener.java
C:\Users\NAVIN TOM BABU\Desktop\red bank v2\backend\src\main\java\com\redbank\emergency\service\MatchingService.java
C:\Users\NAVIN TOM BABU\Desktop\red bank v2\backend\src\main\java\com\redbank\emergency\service\AssignmentService.java
C:\Users\NAVIN TOM BABU\Desktop\red bank v2\backend\src\main\java\com\redbank\emergency\statemachine\EmergencyStateMachineConfig.java
C:\Users\NAVIN TOM BABU\Desktop\red bank v2\backend\src\main\java\com\redbank\emergency\service\TrackingService.java
C:\Users\NAVIN TOM BABU\Desktop\red bank v2\backend\src\main\java\com\redbank\emergency\entity\EmergencyRequest.java
C:\Users\NAVIN TOM BABU\Desktop\red bank v2\backend\src\main\java\com\redbank\auth\mapper\UserMapper.java
C:\Users\NAVIN TOM BABU\Desktop\red bank v2\backend\src\main\java\com\redbank\emergency\dto\CancelRequestDTO.java
C:\Users\NAVIN TOM BABU\Desktop\red bank v2\backend\src\main\java\com\redbank\auth\dto\VerifyRequest.java
C:\Users\NAVIN TOM BABU\Desktop\red bank v2\backend\src\main\java\com\redbank\emergency\facade\EmergencyFacade.java
C:\Users\NAVIN TOM BABU\Desktop\red bank v2\backend\src\main\java\com\redbank\emergency\dto\EmergencyRequestHistoryDTO.java
C:\Users\NAVIN TOM BABU\Desktop\red bank v2\backend\src\main\java\com\redbank\emergency\dto\TrackingLocationResponseDTO.java
C:\Users\NAVIN TOM BABU\Desktop\red bank v2\backend\src\main\java\com\redbank\emergency\mapper\EmergencyRequestMapper.java
C:\Users\NAVIN TOM BABU\Desktop\red bank v2\backend\src\main\java\com\redbank\donor\entity\BloodGroup.java
C:\Users\NAVIN TOM BABU\Desktop\red bank v2\backend\src\main\java\com\redbank\donor\service\AvailabilityService.java
C:\Users\NAVIN TOM BABU\Desktop\red bank v2\backend\src\main\java\com\redbank\emergency\entity\TrackingLocation.java
C:\Users\NAVIN TOM BABU\Desktop\red bank v2\backend\src\main\java\com\redbank\emergency\facade\impl\EmergencyFacadeImpl.java
C:\Users\NAVIN TOM BABU\Desktop\red bank v2\backend\src\main\java\com\redbank\emergency\service\RoutingService.java
C:\Users\NAVIN TOM BABU\Desktop\red bank v2\backend\src\main\java\com\redbank\auth\dto\UpdateFcmTokenRequest.java
C:\Users\NAVIN TOM BABU\Desktop\red bank v2\backend\src\main\java\com\redbank\donor\service\EligibilityService.java
C:\Users\NAVIN TOM BABU\Desktop\red bank v2\backend\src\main\java\com\redbank\core\exception\GlobalExceptionHandler.java
C:\Users\NAVIN TOM BABU\Desktop\red bank v2\backend\src\main\java\com\redbank\emergency\enums\EmergencyStatus.java
